Classic Timing Analyzer report for vending
Tue Jan 07 22:46:26 2025
Quartus II Version 9.0 Build 235 06/17/2009 Service Pack 2 SJ Web Edition


---------------------
; Table of Contents ;
---------------------
  1. Legal Notice
  2. Timing Analyzer Summary
  3. Timing Analyzer Settings
  4. Clock Settings Summary
  5. Parallel Compilation
  6. Clock Setup: 'clock'
  7. tsu
  8. tco
  9. tpd
 10. th
 11. Timing Analyzer Messages



----------------
; Legal Notice ;
----------------
Copyright (C) 1991-2009 Altera Corporation
Your use of Altera Corporation's design tools, logic functions 
and other software and tools, and its AMPP partner logic 
functions, and any output files from any of the foregoing 
(including device programming or simulation files), and any 
associated documentation or information are expressly subject 
to the terms and conditions of the Altera Program License 
Subscription Agreement, Altera MegaCore Function License 
Agreement, or other applicable license agreement, including, 
without limitation, that your use is for the sole purpose of 
programming logic devices manufactured by Altera and sold by 
Altera or its authorized distributors.  Please refer to the 
applicable agreement for further details.



+--------------------------------------------------------------------------------------------------------------------------------------------------------------+
; Timing Analyzer Summary                                                                                                                                      ;
+------------------------------+-------+---------------+------------------------------------------------+-------+-------+------------+----------+--------------+
; Type                         ; Slack ; Required Time ; Actual Time                                    ; From  ; To    ; From Clock ; To Clock ; Failed Paths ;
+------------------------------+-------+---------------+------------------------------------------------+-------+-------+------------+----------+--------------+
; Worst-case tsu               ; N/A   ; None          ; 2.857 ns                                       ; y     ; inst5 ; --         ; clock    ; 0            ;
; Worst-case tco               ; N/A   ; None          ; 6.749 ns                                       ; inst5 ; z     ; clock      ; --       ; 0            ;
; Worst-case tpd               ; N/A   ; None          ; 9.017 ns                                       ; y     ; z     ; --         ; --       ; 0            ;
; Worst-case th                ; N/A   ; None          ; -2.488 ns                                      ; x     ; inst5 ; --         ; clock    ; 0            ;
; Clock Setup: 'clock'         ; N/A   ; None          ; Restricted to 500.00 MHz ( period = 2.000 ns ) ; inst5 ; inst5 ; clock      ; clock    ; 0            ;
; Total number of failed paths ;       ;               ;                                                ;       ;       ;            ;          ; 0            ;
+------------------------------+-------+---------------+------------------------------------------------+-------+-------+------------+----------+--------------+


+--------------------------------------------------------------------------------------------------------------------+
; Timing Analyzer Settings                                                                                           ;
+---------------------------------------------------------------------+--------------------+------+----+-------------+
; Option                                                              ; Setting            ; From ; To ; Entity Name ;
+---------------------------------------------------------------------+--------------------+------+----+-------------+
; Device Name                                                         ; EP2S15F484C3       ;      ;    ;             ;
; Timing Models                                                       ; Final              ;      ;    ;             ;
; Default hold multicycle                                             ; Same as Multicycle ;      ;    ;             ;
; Cut paths between unrelated clock domains                           ; On                 ;      ;    ;             ;
; Cut off read during write signal paths                              ; On                 ;      ;    ;             ;
; Cut off feedback from I/O pins                                      ; On                 ;      ;    ;             ;
; Report Combined Fast/Slow Timing                                    ; Off                ;      ;    ;             ;
; Ignore Clock Settings                                               ; Off                ;      ;    ;             ;
; Analyze latches as synchronous elements                             ; On                 ;      ;    ;             ;
; Enable Recovery/Removal analysis                                    ; Off                ;      ;    ;             ;
; Enable Clock Latency                                                ; Off                ;      ;    ;             ;
; Use TimeQuest Timing Analyzer                                       ; Off                ;      ;    ;             ;
; Number of source nodes to report per destination node               ; 10                 ;      ;    ;             ;
; Number of destination nodes to report                               ; 10                 ;      ;    ;             ;
; Number of paths to report                                           ; 200                ;      ;    ;             ;
; Report Minimum Timing Checks                                        ; Off                ;      ;    ;             ;
; Use Fast Timing Models                                              ; Off                ;      ;    ;             ;
; Report IO Paths Separately                                          ; Off                ;      ;    ;             ;
; Perform Multicorner Analysis                                        ; On                 ;      ;    ;             ;
; Reports the worst-case path for each clock domain and analysis      ; Off                ;      ;    ;             ;
; Removes common clock path pessimism (CCPP) during slack computation ; Off                ;      ;    ;             ;
; Output I/O Timing Endpoint                                          ; Near End           ;      ;    ;             ;
+---------------------------------------------------------------------+--------------------+------+----+-------------+


+------------------------------------------------------------------------------------------------------------------------------------------------------------------------------------+
; Clock Settings Summary                                                                                                                                                             ;
+-----------------+--------------------+----------+------------------+---------------+--------------+----------+-----------------------+---------------------+--------+--------------+
; Clock Node Name ; Clock Setting Name ; Type     ; Fmax Requirement ; Early Latency ; Late Latency ; Based on ; Multiply Base Fmax by ; Divide Base Fmax by ; Offset ; Phase offset ;
+-----------------+--------------------+----------+------------------+---------------+--------------+----------+-----------------------+---------------------+--------+--------------+
; clock           ;                    ; User Pin ; None             ; 0.000 ns      ; 0.000 ns     ; --       ; N/A                   ; N/A                 ; N/A    ;              ;
+-----------------+--------------------+----------+------------------+---------------+--------------+----------+-----------------------+---------------------+--------+--------------+


Parallel compilation was disabled, but you have multiple processors available. Enable parallel compilation to reduce compilation time.
+-------------------------------------+
; Parallel Compilation                ;
+----------------------------+--------+
; Processors                 ; Number ;
+----------------------------+--------+
; Number detected on machine ; 4      ;
; Maximum allowed            ; 1      ;
+----------------------------+--------+


+------------------------------------------------------------------------------------------------------------------------------------------------------------------------------------+
; Clock Setup: 'clock'                                                                                                                                                               ;
+-------+------------------------------------------------+-------+-------+------------+----------+-----------------------------+---------------------------+-------------------------+
; Slack ; Actual fmax (period)                           ; From  ; To    ; From Clock ; To Clock ; Required Setup Relationship ; Required Longest P2P Time ; Actual Longest P2P Time ;
+-------+------------------------------------------------+-------+-------+------------+----------+-----------------------------+---------------------------+-------------------------+
; N/A   ; Restricted to 500.00 MHz ( period = 2.000 ns ) ; inst5 ; inst5 ; clock      ; clock    ; None                        ; None                      ; 0.488 ns                ;
+-------+------------------------------------------------+-------+-------+------------+----------+-----------------------------+---------------------------+-------------------------+


+-------------------------------------------------------------+
; tsu                                                         ;
+-------+--------------+------------+------+-------+----------+
; Slack ; Required tsu ; Actual tsu ; From ; To    ; To Clock ;
+-------+--------------+------------+------+-------+----------+
; N/A   ; None         ; 2.857 ns   ; y    ; inst5 ; clock    ;
; N/A   ; None         ; 2.727 ns   ; x    ; inst5 ; clock    ;
+-------+--------------+------------+------+-------+----------+


+-------------------------------------------------------------+
; tco                                                         ;
+-------+--------------+------------+-------+----+------------+
; Slack ; Required tco ; Actual tco ; From  ; To ; From Clock ;
+-------+--------------+------------+-------+----+------------+
; N/A   ; None         ; 6.749 ns   ; inst5 ; z  ; clock      ;
+-------+--------------+------------+-------+----+------------+


+---------------------------------------------------------+
; tpd                                                     ;
+-------+-------------------+-----------------+------+----+
; Slack ; Required P2P Time ; Actual P2P Time ; From ; To ;
+-------+-------------------+-----------------+------+----+
; N/A   ; None              ; 9.017 ns        ; y    ; z  ;
; N/A   ; None              ; 8.887 ns        ; x    ; z  ;
; N/A   ; None              ; 6.840 ns        ; y    ; e  ;
+-------+-------------------+-----------------+------+----+


+-------------------------------------------------------------------+
; th                                                                ;
+---------------+-------------+-----------+------+-------+----------+
; Minimum Slack ; Required th ; Actual th ; From ; To    ; To Clock ;
+---------------+-------------+-----------+------+-------+----------+
; N/A           ; None        ; -2.488 ns ; x    ; inst5 ; clock    ;
; N/A           ; None        ; -2.618 ns ; y    ; inst5 ; clock    ;
+---------------+-------------+-----------+------+-------+----------+


+--------------------------+
; Timing Analyzer Messages ;
+--------------------------+
Info: *******************************************************************
Info: Running Quartus II Classic Timing Analyzer
    Info: Version 9.0 Build 235 06/17/2009 Service Pack 2 SJ Web Edition
    Info: Processing started: Tue Jan 07 22:46:26 2025
Info: Command: quartus_tan --read_settings_files=off --write_settings_files=off vending -c vending --timing_analysis_only
Warning: Found pins functioning as undefined clocks and/or memory enables
    Info: Assuming node "clock" is an undefined clock
Info: Clock "clock" Internal fmax is restricted to 500.0 MHz between source register "inst5" and destination register "inst5"
    Info: fmax restricted to clock pin edge rate 2.0 ns. Expand message to see actual delay path.
        Info: + Longest register to register delay is 0.488 ns
            Info: 1: + IC(0.000 ns) + CELL(0.000 ns) = 0.000 ns; Loc. = LCFF_X29_Y19_N17; Fanout = 2; REG Node = 'inst5'
            Info: 2: + IC(0.000 ns) + CELL(0.333 ns) = 0.333 ns; Loc. = LCCOMB_X29_Y19_N16; Fanout = 1; COMB Node = 'inst12~0'
            Info: 3: + IC(0.000 ns) + CELL(0.155 ns) = 0.488 ns; Loc. = LCFF_X29_Y19_N17; Fanout = 2; REG Node = 'inst5'
            Info: Total cell delay = 0.488 ns ( 100.00 % )
        Info: - Smallest clock skew is 0.000 ns
            Info: + Shortest clock path from clock "clock" to destination register is 3.115 ns
                Info: 1: + IC(0.000 ns) + CELL(0.857 ns) = 0.857 ns; Loc. = PIN_AB7; Fanout = 1; CLK Node = 'clock'
                Info: 2: + IC(1.640 ns) + CELL(0.618 ns) = 3.115 ns; Loc. = LCFF_X29_Y19_N17; Fanout = 2; REG Node = 'inst5'
                Info: Total cell delay = 1.475 ns ( 47.35 % )
                Info: Total interconnect delay = 1.640 ns ( 52.65 % )
            Info: - Longest clock path from clock "clock" to source register is 3.115 ns
                Info: 1: + IC(0.000 ns) + CELL(0.857 ns) = 0.857 ns; Loc. = PIN_AB7; Fanout = 1; CLK Node = 'clock'
                Info: 2: + IC(1.640 ns) + CELL(0.618 ns) = 3.115 ns; Loc. = LCFF_X29_Y19_N17; Fanout = 2; REG Node = 'inst5'
                Info: Total cell delay = 1.475 ns ( 47.35 % )
                Info: Total interconnect delay = 1.640 ns ( 52.65 % )
        Info: + Micro clock to output delay of source is 0.094 ns
        Info: + Micro setup delay of destination is 0.090 ns
Info: tsu for register "inst5" (data pin = "y", clock pin = "clock") is 2.857 ns
    Info: + Longest pin to register delay is 5.882 ns
        Info: 1: + IC(0.000 ns) + CELL(0.799 ns) = 0.799 ns; Loc. = PIN_C13; Fanout = 3; PIN Node = 'y'
        Info: 2: + IC(4.562 ns) + CELL(0.366 ns) = 5.727 ns; Loc. = LCCOMB_X29_Y19_N16; Fanout = 1; COMB Node = 'inst12~0'
        Info: 3: + IC(0.000 ns) + CELL(0.155 ns) = 5.882 ns; Loc. = LCFF_X29_Y19_N17; Fanout = 2; REG Node = 'inst5'
        Info: Total cell delay = 1.320 ns ( 22.44 % )
        Info: Total interconnect delay = 4.562 ns ( 77.56 % )
    Info: + Micro setup delay of destination is 0.090 ns
    Info: - Shortest clock path from clock "clock" to destination register is 3.115 ns
        Info: 1: + IC(0.000 ns) + CELL(0.857 ns) = 0.857 ns; Loc. = PIN_AB7; Fanout = 1; CLK Node = 'clock'
        Info: 2: + IC(1.640 ns) + CELL(0.618 ns) = 3.115 ns; Loc. = LCFF_X29_Y19_N17; Fanout = 2; REG Node = 'inst5'
        Info: Total cell delay = 1.475 ns ( 47.35 % )
        Info: Total interconnect delay = 1.640 ns ( 52.65 % )
Info: tco from clock "clock" to destination pin "z" through register "inst5" is 6.749 ns
    Info: + Longest clock path from clock "clock" to source register is 3.115 ns
        Info: 1: + IC(0.000 ns) + CELL(0.857 ns) = 0.857 ns; Loc. = PIN_AB7; Fanout = 1; CLK Node = 'clock'
        Info: 2: + IC(1.640 ns) + CELL(0.618 ns) = 3.115 ns; Loc. = LCFF_X29_Y19_N17; Fanout = 2; REG Node = 'inst5'
        Info: Total cell delay = 1.475 ns ( 47.35 % )
        Info: Total interconnect delay = 1.640 ns ( 52.65 % )
    Info: + Micro clock to output delay of source is 0.094 ns
    Info: + Longest register to pin delay is 3.540 ns
        Info: 1: + IC(0.000 ns) + CELL(0.000 ns) = 0.000 ns; Loc. = LCFF_X29_Y19_N17; Fanout = 2; REG Node = 'inst5'
        Info: 2: + IC(0.197 ns) + CELL(0.053 ns) = 0.250 ns; Loc. = LCCOMB_X29_Y19_N18; Fanout = 1; COMB Node = 'inst11'
        Info: 3: + IC(1.146 ns) + CELL(2.144 ns) = 3.540 ns; Loc. = PIN_H1; Fanout = 0; PIN Node = 'z'
        Info: Total cell delay = 2.197 ns ( 62.06 % )
        Info: Total interconnect delay = 1.343 ns ( 37.94 % )
Info: Longest tpd from source pin "y" to destination pin "z" is 9.017 ns
    Info: 1: + IC(0.000 ns) + CELL(0.799 ns) = 0.799 ns; Loc. = PIN_C13; Fanout = 3; PIN Node = 'y'
    Info: 2: + IC(4.562 ns) + CELL(0.366 ns) = 5.727 ns; Loc. = LCCOMB_X29_Y19_N18; Fanout = 1; COMB Node = 'inst11'
    Info: 3: + IC(1.146 ns) + CELL(2.144 ns) = 9.017 ns; Loc. = PIN_H1; Fanout = 0; PIN Node = 'z'
    Info: Total cell delay = 3.309 ns ( 36.70 % )
    Info: Total interconnect delay = 5.708 ns ( 63.30 % )
Info: th for register "inst5" (data pin = "x", clock pin = "clock") is -2.488 ns
    Info: + Longest clock path from clock "clock" to destination register is 3.115 ns
        Info: 1: + IC(0.000 ns) + CELL(0.857 ns) = 0.857 ns; Loc. = PIN_AB7; Fanout = 1; CLK Node = 'clock'
        Info: 2: + IC(1.640 ns) + CELL(0.618 ns) = 3.115 ns; Loc. = LCFF_X29_Y19_N17; Fanout = 2; REG Node = 'inst5'
        Info: Total cell delay = 1.475 ns ( 47.35 % )
        Info: Total interconnect delay = 1.640 ns ( 52.65 % )
    Info: + Micro hold delay of destination is 0.149 ns
    Info: - Shortest pin to register delay is 5.752 ns
        Info: 1: + IC(0.000 ns) + CELL(0.799 ns) = 0.799 ns; Loc. = PIN_D13; Fanout = 2; PIN Node = 'x'
        Info: 2: + IC(4.452 ns) + CELL(0.346 ns) = 5.597 ns; Loc. = LCCOMB_X29_Y19_N16; Fanout = 1; COMB Node = 'inst12~0'
        Info: 3: + IC(0.000 ns) + CELL(0.155 ns) = 5.752 ns; Loc. = LCFF_X29_Y19_N17; Fanout = 2; REG Node = 'inst5'
        Info: Total cell delay = 1.300 ns ( 22.60 % )
        Info: Total interconnect delay = 4.452 ns ( 77.40 % )
Info: Quartus II Classic Timing Analyzer was successful. 0 errors, 1 warning
    Info: Peak virtual memory: 195 megabytes
    Info: Processing ended: Tue Jan 07 22:46:26 2025
    Info: Elapsed time: 00:00:00
    Info: Total CPU time (on all processors): 00:00:00


